Versão do MSBuild 17.9.8+b34f75857 para .NET
  Determinando os projetos a serem restaurados...
C:\Workspace\RGRTRASPORTE\Infra.Ioc\Infra.Ioc.csproj : warning NU1603: Infra.CrossCutting depends on Microsoft.Extensions.Caching.Memory (>= 8.0.11) but Microsoft.Extensions.Caching.Memory 8.0.11 was not found. An approximate best match of Microsoft.Extensions.Caching.Memory 9.0.0 was resolved. [C:\Workspace\RGRTRASPORTE\RGRTRASPORTE.sln]
C:\Workspace\RGRTRASPORTE\Infra.Ioc\Infra.Ioc.csproj : warning NU1605: Detected package downgrade: Microsoft.Extensions.DependencyInjection.Abstractions from 9.0.0 to 8.0.0. Reference the package directly from the project to select a different version.  [C:\Workspace\RGRTRASPORTE\RGRTRASPORTE.sln]
C:\Workspace\RGRTRASPORTE\Infra.Ioc\Infra.Ioc.csproj : warning NU1605:  Infra.Ioc -> Microsoft.Extensions.Logging.Abstractions 9.0.0 -> Microsoft.Extensions.DependencyInjection.Abstractions (>= 9.0.0)  [C:\Workspace\RGRTRASPORTE\RGRTRASPORTE.sln]
C:\Workspace\RGRTRASPORTE\Infra.Ioc\Infra.Ioc.csproj : warning NU1605:  Infra.Ioc -> Microsoft.Extensions.DependencyInjection.Abstractions (>= 8.0.0) [C:\Workspace\RGRTRASPORTE\RGRTRASPORTE.sln]
C:\Workspace\RGRTRASPORTE\Infra.Ioc\Infra.Ioc.csproj : warning NU1605: Detected package downgrade: Microsoft.Extensions.Hosting.Abstractions from 8.0.1 to 8.0.0. Reference the package directly from the project to select a different version.  [C:\Workspace\RGRTRASPORTE\RGRTRASPORTE.sln]
C:\Workspace\RGRTRASPORTE\Infra.Ioc\Infra.Ioc.csproj : warning NU1605:  Infra.Ioc -> Microsoft.Extensions.Diagnostics.HealthChecks 8.0.11 -> Microsoft.Extensions.Hosting.Abstractions (>= 8.0.1)  [C:\Workspace\RGRTRASPORTE\RGRTRASPORTE.sln]
C:\Workspace\RGRTRASPORTE\Infra.Ioc\Infra.Ioc.csproj : warning NU1605:  Infra.Ioc -> Microsoft.Extensions.Hosting.Abstractions (>= 8.0.0) [C:\Workspace\RGRTRASPORTE\RGRTRASPORTE.sln]
C:\Workspace\RGRTRASPORTE\Infra.Ioc\Infra.Ioc.csproj : warning NU1605: Detected package downgrade: Microsoft.Extensions.DependencyInjection.Abstractions from 9.0.0 to 8.0.0. Reference the package directly from the project to select a different version.  [C:\Workspace\RGRTRASPORTE\RGRTRASPORTE.sln]
C:\Workspace\RGRTRASPORTE\Infra.Ioc\Infra.Ioc.csproj : warning NU1605:  Infra.Ioc -> Application -> Microsoft.Extensions.DependencyInjection.Abstractions (>= 9.0.0)  [C:\Workspace\RGRTRASPORTE\RGRTRASPORTE.sln]
C:\Workspace\RGRTRASPORTE\Infra.Ioc\Infra.Ioc.csproj : warning NU1605:  Infra.Ioc -> Microsoft.Extensions.DependencyInjection.Abstractions (>= 8.0.0) [C:\Workspace\RGRTRASPORTE\RGRTRASPORTE.sln]
C:\Workspace\RGRTRASPORTE\Infra.Ioc\Infra.Ioc.csproj : warning NU1605: Detected package downgrade: StackExchange.Redis from 2.8.58 to 2.8.16. Reference the package directly from the project to select a different version.  [C:\Workspace\RGRTRASPORTE\RGRTRASPORTE.sln]
C:\Workspace\RGRTRASPORTE\Infra.Ioc\Infra.Ioc.csproj : warning NU1605:  Infra.Ioc -> Infra.CrossCutting -> StackExchange.Redis (>= 2.8.58)  [C:\Workspace\RGRTRASPORTE\RGRTRASPORTE.sln]
C:\Workspace\RGRTRASPORTE\Infra.Ioc\Infra.Ioc.csproj : warning NU1605:  Infra.Ioc -> StackExchange.Redis (>= 2.8.16) [C:\Workspace\RGRTRASPORTE\RGRTRASPORTE.sln]
C:\Workspace\RGRTRASPORTE\Infra.Ioc\Infra.Ioc.csproj : warning NU1605: Detected package downgrade: Microsoft.Extensions.DependencyInjection.Abstractions from 9.0.0 to 8.0.0. Reference the package directly from the project to select a different version.  [C:\Workspace\RGRTRASPORTE\RGRTRASPORTE.sln]
C:\Workspace\RGRTRASPORTE\Infra.Ioc\Infra.Ioc.csproj : warning NU1605:  Infra.Ioc -> Infra.CrossCutting -> Microsoft.Extensions.Caching.Memory 9.0.0 -> Microsoft.Extensions.DependencyInjection.Abstractions (>= 9.0.0)  [C:\Workspace\RGRTRASPORTE\RGRTRASPORTE.sln]
C:\Workspace\RGRTRASPORTE\Infra.Ioc\Infra.Ioc.csproj : warning NU1605:  Infra.Ioc -> Microsoft.Extensions.DependencyInjection.Abstractions (>= 8.0.0) [C:\Workspace\RGRTRASPORTE\RGRTRASPORTE.sln]
C:\Workspace\RGRTRASPORTE\Application\Application.csproj : warning NU1603: Infra.CrossCutting depends on Microsoft.Extensions.Caching.Memory (>= 8.0.11) but Microsoft.Extensions.Caching.Memory 8.0.11 was not found. An approximate best match of Microsoft.Extensions.Caching.Memory 9.0.0 was resolved. [C:\Workspace\RGRTRASPORTE\RGRTRASPORTE.sln]
C:\Workspace\RGRTRASPORTE\RGRTRASPORTE\RGRTRASPORTE.csproj : warning NU1603: Infra.CrossCutting depends on Microsoft.Extensions.Caching.Memory (>= 8.0.11) but Microsoft.Extensions.Caching.Memory 8.0.11 was not found. An approximate best match of Microsoft.Extensions.Caching.Memory 9.0.0 was resolved. [C:\Workspace\RGRTRASPORTE\RGRTRASPORTE.sln]
C:\Workspace\RGRTRASPORTE\RGRTRASPORTE\RGRTRASPORTE.csproj : warning NU1603: RGRTRASPORTE depends on Serilog.AspNetCore (>= 8.0.11) but Serilog.AspNetCore 8.0.11 was not found. An approximate best match of Serilog.AspNetCore 9.0.0 was resolved. [C:\Workspace\RGRTRASPORTE\RGRTRASPORTE.sln]
C:\Workspace\RGRTRASPORTE\Teste\Teste.csproj : warning NU1603: Infra.CrossCutting depends on Microsoft.Extensions.Caching.Memory (>= 8.0.11) but Microsoft.Extensions.Caching.Memory 8.0.11 was not found. An approximate best match of Microsoft.Extensions.Caching.Memory 9.0.0 was resolved. [C:\Workspace\RGRTRASPORTE\RGRTRASPORTE.sln]
C:\Workspace\RGRTRASPORTE\Teste\Teste.csproj : warning NU1605: Detected package downgrade: Microsoft.Extensions.Hosting.Abstractions from 8.0.1 to 8.0.0. Reference the package directly from the project to select a different version.  [C:\Workspace\RGRTRASPORTE\RGRTRASPORTE.sln]
C:\Workspace\RGRTRASPORTE\Teste\Teste.csproj : warning NU1605:  Teste -> Infra.Ioc -> Microsoft.Extensions.Diagnostics.HealthChecks 8.0.11 -> Microsoft.Extensions.Hosting.Abstractions (>= 8.0.1)  [C:\Workspace\RGRTRASPORTE\RGRTRASPORTE.sln]
C:\Workspace\RGRTRASPORTE\Teste\Teste.csproj : warning NU1605:  Teste -> Infra.Ioc -> Microsoft.Extensions.Hosting.Abstractions (>= 8.0.0) [C:\Workspace\RGRTRASPORTE\RGRTRASPORTE.sln]
C:\Workspace\RGRTRASPORTE\Infra.Data\Infra.Data.csproj : warning NU1603: Infra.CrossCutting depends on Microsoft.Extensions.Caching.Memory (>= 8.0.11) but Microsoft.Extensions.Caching.Memory 8.0.11 was not found. An approximate best match of Microsoft.Extensions.Caching.Memory 9.0.0 was resolved. [C:\Workspace\RGRTRASPORTE\RGRTRASPORTE.sln]
C:\Workspace\RGRTRASPORTE\Infra.Data\Infra.Data.csproj : warning NU1605: Detected package downgrade: Microsoft.Extensions.DependencyInjection.Abstractions from 9.0.0 to 8.0.0. Reference the package directly from the project to select a different version.  [C:\Workspace\RGRTRASPORTE\RGRTRASPORTE.sln]
C:\Workspace\RGRTRASPORTE\Infra.Data\Infra.Data.csproj : warning NU1605:  Infra.Data -> Infra.CrossCutting -> Microsoft.Extensions.Caching.Memory 9.0.0 -> Microsoft.Extensions.DependencyInjection.Abstractions (>= 9.0.0)  [C:\Workspace\RGRTRASPORTE\RGRTRASPORTE.sln]
C:\Workspace\RGRTRASPORTE\Infra.Data\Infra.Data.csproj : warning NU1605:  Infra.Data -> Microsoft.Extensions.DependencyInjection.Abstractions (>= 8.0.0) [C:\Workspace\RGRTRASPORTE\RGRTRASPORTE.sln]
C:\Workspace\RGRTRASPORTE\Infra.Data\Infra.Data.csproj : warning NU1605: Detected package downgrade: Microsoft.Extensions.Logging.Abstractions from 9.0.0 to 8.0.0. Reference the package directly from the project to select a different version.  [C:\Workspace\RGRTRASPORTE\RGRTRASPORTE.sln]
C:\Workspace\RGRTRASPORTE\Infra.Data\Infra.Data.csproj : warning NU1605:  Infra.Data -> Infra.CrossCutting -> Microsoft.Extensions.Caching.Memory 9.0.0 -> Microsoft.Extensions.Logging.Abstractions (>= 9.0.0)  [C:\Workspace\RGRTRASPORTE\RGRTRASPORTE.sln]
C:\Workspace\RGRTRASPORTE\Infra.Data\Infra.Data.csproj : warning NU1605:  Infra.Data -> Infra.CrossCutting -> Microsoft.Extensions.Logging.Abstractions (>= 8.0.0) [C:\Workspace\RGRTRASPORTE\RGRTRASPORTE.sln]
C:\Workspace\RGRTRASPORTE\Service\Service.csproj : warning NU1603: Infra.CrossCutting depends on Microsoft.Extensions.Caching.Memory (>= 8.0.11) but Microsoft.Extensions.Caching.Memory 8.0.11 was not found. An approximate best match of Microsoft.Extensions.Caching.Memory 9.0.0 was resolved. [C:\Workspace\RGRTRASPORTE\RGRTRASPORTE.sln]
C:\Workspace\RGRTRASPORTE\Service\Service.csproj : warning NU1605: Detected package downgrade: Microsoft.Extensions.DependencyInjection.Abstractions from 9.0.0 to 8.0.0. Reference the package directly from the project to select a different version.  [C:\Workspace\RGRTRASPORTE\RGRTRASPORTE.sln]
C:\Workspace\RGRTRASPORTE\Service\Service.csproj : warning NU1605:  Service -> Infra.CrossCutting -> Microsoft.Extensions.Caching.Memory 9.0.0 -> Microsoft.Extensions.DependencyInjection.Abstractions (>= 9.0.0)  [C:\Workspace\RGRTRASPORTE\RGRTRASPORTE.sln]
C:\Workspace\RGRTRASPORTE\Service\Service.csproj : warning NU1605:  Service -> Infra.CrossCutting -> Microsoft.Extensions.DependencyInjection.Abstractions (>= 8.0.0) [C:\Workspace\RGRTRASPORTE\RGRTRASPORTE.sln]
C:\Workspace\RGRTRASPORTE\Service\Service.csproj : warning NU1605: Detected package downgrade: Microsoft.Extensions.Logging.Abstractions from 9.0.0 to 8.0.0. Reference the package directly from the project to select a different version.  [C:\Workspace\RGRTRASPORTE\RGRTRASPORTE.sln]
C:\Workspace\RGRTRASPORTE\Service\Service.csproj : warning NU1605:  Service -> Infra.CrossCutting -> Microsoft.Extensions.Caching.Memory 9.0.0 -> Microsoft.Extensions.Logging.Abstractions (>= 9.0.0)  [C:\Workspace\RGRTRASPORTE\RGRTRASPORTE.sln]
C:\Workspace\RGRTRASPORTE\Service\Service.csproj : warning NU1605:  Service -> Infra.CrossCutting -> Microsoft.Extensions.Logging.Abstractions (>= 8.0.0) [C:\Workspace\RGRTRASPORTE\RGRTRASPORTE.sln]
C:\Workspace\RGRTRASPORTE\Infra.CrossCutting\Infra.CrossCutting.csproj : warning NU1603: Infra.CrossCutting depends on Microsoft.Extensions.Caching.Memory (>= 8.0.11) but Microsoft.Extensions.Caching.Memory 8.0.11 was not found. An approximate best match of Microsoft.Extensions.Caching.Memory 9.0.0 was resolved. [C:\Workspace\RGRTRASPORTE\RGRTRASPORTE.sln]
C:\Workspace\RGRTRASPORTE\Infra.CrossCutting\Infra.CrossCutting.csproj : warning NU1605: Detected package downgrade: Microsoft.Extensions.DependencyInjection.Abstractions from 9.0.0 to 8.0.0. Reference the package directly from the project to select a different version.  [C:\Workspace\RGRTRASPORTE\RGRTRASPORTE.sln]
C:\Workspace\RGRTRASPORTE\Infra.CrossCutting\Infra.CrossCutting.csproj : warning NU1605:  Infra.CrossCutting -> Microsoft.Extensions.Caching.Memory 9.0.0 -> Microsoft.Extensions.DependencyInjection.Abstractions (>= 9.0.0)  [C:\Workspace\RGRTRASPORTE\RGRTRASPORTE.sln]
C:\Workspace\RGRTRASPORTE\Infra.CrossCutting\Infra.CrossCutting.csproj : warning NU1605:  Infra.CrossCutting -> Microsoft.Extensions.DependencyInjection.Abstractions (>= 8.0.0) [C:\Workspace\RGRTRASPORTE\RGRTRASPORTE.sln]
C:\Workspace\RGRTRASPORTE\Infra.CrossCutting\Infra.CrossCutting.csproj : warning NU1605: Detected package downgrade: Microsoft.Extensions.Logging.Abstractions from 9.0.0 to 8.0.0. Reference the package directly from the project to select a different version.  [C:\Workspace\RGRTRASPORTE\RGRTRASPORTE.sln]
C:\Workspace\RGRTRASPORTE\Infra.CrossCutting\Infra.CrossCutting.csproj : warning NU1605:  Infra.CrossCutting -> Microsoft.Extensions.Caching.Memory 9.0.0 -> Microsoft.Extensions.Logging.Abstractions (>= 9.0.0)  [C:\Workspace\RGRTRASPORTE\RGRTRASPORTE.sln]
C:\Workspace\RGRTRASPORTE\Infra.CrossCutting\Infra.CrossCutting.csproj : warning NU1605:  Infra.CrossCutting -> Microsoft.Extensions.Logging.Abstractions (>= 8.0.0) [C:\Workspace\RGRTRASPORTE\RGRTRASPORTE.sln]
C:\Workspace\RGRTRASPORTE\Hangfire.Worker\Hangfire.Worker.csproj : warning NU1603: Infra.CrossCutting depends on Microsoft.Extensions.Caching.Memory (>= 8.0.11) but Microsoft.Extensions.Caching.Memory 8.0.11 was not found. An approximate best match of Microsoft.Extensions.Caching.Memory 9.0.0 was resolved. [C:\Workspace\RGRTRASPORTE\RGRTRASPORTE.sln]
C:\Workspace\RGRTRASPORTE\Hangfire.Worker\Hangfire.Worker.csproj : warning NU1605: Detected package downgrade: Microsoft.Extensions.DependencyInjection.Abstractions from 9.0.0 to 8.0.0. Reference the package directly from the project to select a different version.  [C:\Workspace\RGRTRASPORTE\RGRTRASPORTE.sln]
C:\Workspace\RGRTRASPORTE\Hangfire.Worker\Hangfire.Worker.csproj : warning NU1605:  Hangfire.Worker -> Infra.Ioc -> Microsoft.Extensions.Logging.Abstractions 9.0.0 -> Microsoft.Extensions.DependencyInjection.Abstractions (>= 9.0.0)  [C:\Workspace\RGRTRASPORTE\RGRTRASPORTE.sln]
C:\Workspace\RGRTRASPORTE\Hangfire.Worker\Hangfire.Worker.csproj : warning NU1605:  Hangfire.Worker -> Infra.Ioc -> Microsoft.Extensions.DependencyInjection.Abstractions (>= 8.0.0) [C:\Workspace\RGRTRASPORTE\RGRTRASPORTE.sln]
C:\Workspace\RGRTRASPORTE\Hangfire.Worker\Hangfire.Worker.csproj : warning NU1605: Detected package downgrade: Microsoft.Extensions.Hosting.Abstractions from 8.0.1 to 8.0.0. Reference the package directly from the project to select a different version.  [C:\Workspace\RGRTRASPORTE\RGRTRASPORTE.sln]
C:\Workspace\RGRTRASPORTE\Hangfire.Worker\Hangfire.Worker.csproj : warning NU1605:  Hangfire.Worker -> Infra.Ioc -> Microsoft.Extensions.Diagnostics.HealthChecks 8.0.11 -> Microsoft.Extensions.Hosting.Abstractions (>= 8.0.1)  [C:\Workspace\RGRTRASPORTE\RGRTRASPORTE.sln]
C:\Workspace\RGRTRASPORTE\Hangfire.Worker\Hangfire.Worker.csproj : warning NU1605:  Hangfire.Worker -> Infra.Ioc -> Microsoft.Extensions.Hosting.Abstractions (>= 8.0.0) [C:\Workspace\RGRTRASPORTE\RGRTRASPORTE.sln]
C:\Workspace\RGRTRASPORTE\Hangfire.Worker\Hangfire.Worker.csproj : warning NU1605: Detected package downgrade: Microsoft.Extensions.DependencyInjection.Abstractions from 9.0.0 to 8.0.0. Reference the package directly from the project to select a different version.  [C:\Workspace\RGRTRASPORTE\RGRTRASPORTE.sln]
C:\Workspace\RGRTRASPORTE\Hangfire.Worker\Hangfire.Worker.csproj : warning NU1605:  Hangfire.Worker -> Infra.Ioc -> Application -> Microsoft.Extensions.DependencyInjection.Abstractions (>= 9.0.0)  [C:\Workspace\RGRTRASPORTE\RGRTRASPORTE.sln]
C:\Workspace\RGRTRASPORTE\Hangfire.Worker\Hangfire.Worker.csproj : warning NU1605:  Hangfire.Worker -> Infra.Ioc -> Microsoft.Extensions.DependencyInjection.Abstractions (>= 8.0.0) [C:\Workspace\RGRTRASPORTE\RGRTRASPORTE.sln]
C:\Workspace\RGRTRASPORTE\Hangfire.Worker\Hangfire.Worker.csproj : warning NU1605: Detected package downgrade: StackExchange.Redis from 2.8.58 to 2.8.16. Reference the package directly from the project to select a different version.  [C:\Workspace\RGRTRASPORTE\RGRTRASPORTE.sln]
C:\Workspace\RGRTRASPORTE\Hangfire.Worker\Hangfire.Worker.csproj : warning NU1605:  Hangfire.Worker -> Infra.Ioc -> Infra.CrossCutting -> StackExchange.Redis (>= 2.8.58)  [C:\Workspace\RGRTRASPORTE\RGRTRASPORTE.sln]
C:\Workspace\RGRTRASPORTE\Hangfire.Worker\Hangfire.Worker.csproj : warning NU1605:  Hangfire.Worker -> Infra.Ioc -> StackExchange.Redis (>= 2.8.16) [C:\Workspace\RGRTRASPORTE\RGRTRASPORTE.sln]
C:\Workspace\RGRTRASPORTE\Hangfire.Worker\Hangfire.Worker.csproj : warning NU1605: Detected package downgrade: Microsoft.Extensions.DependencyInjection.Abstractions from 9.0.0 to 8.0.0. Reference the package directly from the project to select a different version.  [C:\Workspace\RGRTRASPORTE\RGRTRASPORTE.sln]
C:\Workspace\RGRTRASPORTE\Hangfire.Worker\Hangfire.Worker.csproj : warning NU1605:  Hangfire.Worker -> Infra.Ioc -> Infra.CrossCutting -> Microsoft.Extensions.Caching.Memory 9.0.0 -> Microsoft.Extensions.DependencyInjection.Abstractions (>= 9.0.0)  [C:\Workspace\RGRTRASPORTE\RGRTRASPORTE.sln]
C:\Workspace\RGRTRASPORTE\Hangfire.Worker\Hangfire.Worker.csproj : warning NU1605:  Hangfire.Worker -> Infra.Ioc -> Microsoft.Extensions.DependencyInjection.Abstractions (>= 8.0.0) [C:\Workspace\RGRTRASPORTE\RGRTRASPORTE.sln]
  Todos os projetos estão atualizados para restauração.
Tentando cancelar a compilação...
C:\Workspace\RGRTRASPORTE\Infra.Data\Infra.Data.csproj : warning NU1603: Infra.CrossCutting depends on Microsoft.Extensions.Caching.Memory (>= 8.0.11) but Microsoft.Extensions.Caching.Memory 8.0.11 was not found. An approximate best match of Microsoft.Extensions.Caching.Memory 9.0.0 was resolved.
C:\Workspace\RGRTRASPORTE\Infra.Data\Infra.Data.csproj : warning NU1605: Detected package downgrade: Microsoft.Extensions.DependencyInjection.Abstractions from 9.0.0 to 8.0.0. Reference the package directly from the project to select a different version. 
C:\Workspace\RGRTRASPORTE\Infra.Data\Infra.Data.csproj : warning NU1605:  Infra.Data -> Infra.CrossCutting -> Microsoft.Extensions.Caching.Memory 9.0.0 -> Microsoft.Extensions.DependencyInjection.Abstractions (>= 9.0.0) 
C:\Workspace\RGRTRASPORTE\Infra.Data\Infra.Data.csproj : warning NU1605:  Infra.Data -> Microsoft.Extensions.DependencyInjection.Abstractions (>= 8.0.0)
C:\Workspace\RGRTRASPORTE\Infra.Data\Infra.Data.csproj : warning NU1605: Detected package downgrade: Microsoft.Extensions.Logging.Abstractions from 9.0.0 to 8.0.0. Reference the package directly from the project to select a different version. 
C:\Workspace\RGRTRASPORTE\Infra.Data\Infra.Data.csproj : warning NU1605:  Infra.Data -> Infra.CrossCutting -> Microsoft.Extensions.Caching.Memory 9.0.0 -> Microsoft.Extensions.Logging.Abstractions (>= 9.0.0) 
C:\Workspace\RGRTRASPORTE\Infra.Data\Infra.Data.csproj : warning NU1605:  Infra.Data -> Infra.CrossCutting -> Microsoft.Extensions.Logging.Abstractions (>= 8.0.0)

FALHA da compilação.

C:\Workspace\RGRTRASPORTE\Infra.Ioc\Infra.Ioc.csproj : warning NU1603: Infra.CrossCutting depends on Microsoft.Extensions.Caching.Memory (>= 8.0.11) but Microsoft.Extensions.Caching.Memory 8.0.11 was not found. An approximate best match of Microsoft.Extensions.Caching.Memory 9.0.0 was resolved. [C:\Workspace\RGRTRASPORTE\RGRTRASPORTE.sln]
C:\Workspace\RGRTRASPORTE\Infra.Ioc\Infra.Ioc.csproj : warning NU1605: Detected package downgrade: Microsoft.Extensions.DependencyInjection.Abstractions from 9.0.0 to 8.0.0. Reference the package directly from the project to select a different version.  [C:\Workspace\RGRTRASPORTE\RGRTRASPORTE.sln]
C:\Workspace\RGRTRASPORTE\Infra.Ioc\Infra.Ioc.csproj : warning NU1605:  Infra.Ioc -> Microsoft.Extensions.Logging.Abstractions 9.0.0 -> Microsoft.Extensions.DependencyInjection.Abstractions (>= 9.0.0)  [C:\Workspace\RGRTRASPORTE\RGRTRASPORTE.sln]
C:\Workspace\RGRTRASPORTE\Infra.Ioc\Infra.Ioc.csproj : warning NU1605:  Infra.Ioc -> Microsoft.Extensions.DependencyInjection.Abstractions (>= 8.0.0) [C:\Workspace\RGRTRASPORTE\RGRTRASPORTE.sln]
C:\Workspace\RGRTRASPORTE\Infra.Ioc\Infra.Ioc.csproj : warning NU1605: Detected package downgrade: Microsoft.Extensions.Hosting.Abstractions from 8.0.1 to 8.0.0. Reference the package directly from the project to select a different version.  [C:\Workspace\RGRTRASPORTE\RGRTRASPORTE.sln]
C:\Workspace\RGRTRASPORTE\Infra.Ioc\Infra.Ioc.csproj : warning NU1605:  Infra.Ioc -> Microsoft.Extensions.Diagnostics.HealthChecks 8.0.11 -> Microsoft.Extensions.Hosting.Abstractions (>= 8.0.1)  [C:\Workspace\RGRTRASPORTE\RGRTRASPORTE.sln]
C:\Workspace\RGRTRASPORTE\Infra.Ioc\Infra.Ioc.csproj : warning NU1605:  Infra.Ioc -> Microsoft.Extensions.Hosting.Abstractions (>= 8.0.0) [C:\Workspace\RGRTRASPORTE\RGRTRASPORTE.sln]
C:\Workspace\RGRTRASPORTE\Infra.Ioc\Infra.Ioc.csproj : warning NU1605: Detected package downgrade: Microsoft.Extensions.DependencyInjection.Abstractions from 9.0.0 to 8.0.0. Reference the package directly from the project to select a different version.  [C:\Workspace\RGRTRASPORTE\RGRTRASPORTE.sln]
C:\Workspace\RGRTRASPORTE\Infra.Ioc\Infra.Ioc.csproj : warning NU1605:  Infra.Ioc -> Application -> Microsoft.Extensions.DependencyInjection.Abstractions (>= 9.0.0)  [C:\Workspace\RGRTRASPORTE\RGRTRASPORTE.sln]
C:\Workspace\RGRTRASPORTE\Infra.Ioc\Infra.Ioc.csproj : warning NU1605:  Infra.Ioc -> Microsoft.Extensions.DependencyInjection.Abstractions (>= 8.0.0) [C:\Workspace\RGRTRASPORTE\RGRTRASPORTE.sln]
C:\Workspace\RGRTRASPORTE\Infra.Ioc\Infra.Ioc.csproj : warning NU1605: Detected package downgrade: StackExchange.Redis from 2.8.58 to 2.8.16. Reference the package directly from the project to select a different version.  [C:\Workspace\RGRTRASPORTE\RGRTRASPORTE.sln]
C:\Workspace\RGRTRASPORTE\Infra.Ioc\Infra.Ioc.csproj : warning NU1605:  Infra.Ioc -> Infra.CrossCutting -> StackExchange.Redis (>= 2.8.58)  [C:\Workspace\RGRTRASPORTE\RGRTRASPORTE.sln]
C:\Workspace\RGRTRASPORTE\Infra.Ioc\Infra.Ioc.csproj : warning NU1605:  Infra.Ioc -> StackExchange.Redis (>= 2.8.16) [C:\Workspace\RGRTRASPORTE\RGRTRASPORTE.sln]
C:\Workspace\RGRTRASPORTE\Infra.Ioc\Infra.Ioc.csproj : warning NU1605: Detected package downgrade: Microsoft.Extensions.DependencyInjection.Abstractions from 9.0.0 to 8.0.0. Reference the package directly from the project to select a different version.  [C:\Workspace\RGRTRASPORTE\RGRTRASPORTE.sln]
C:\Workspace\RGRTRASPORTE\Infra.Ioc\Infra.Ioc.csproj : warning NU1605:  Infra.Ioc -> Infra.CrossCutting -> Microsoft.Extensions.Caching.Memory 9.0.0 -> Microsoft.Extensions.DependencyInjection.Abstractions (>= 9.0.0)  [C:\Workspace\RGRTRASPORTE\RGRTRASPORTE.sln]
C:\Workspace\RGRTRASPORTE\Infra.Ioc\Infra.Ioc.csproj : warning NU1605:  Infra.Ioc -> Microsoft.Extensions.DependencyInjection.Abstractions (>= 8.0.0) [C:\Workspace\RGRTRASPORTE\RGRTRASPORTE.sln]
C:\Workspace\RGRTRASPORTE\Application\Application.csproj : warning NU1603: Infra.CrossCutting depends on Microsoft.Extensions.Caching.Memory (>= 8.0.11) but Microsoft.Extensions.Caching.Memory 8.0.11 was not found. An approximate best match of Microsoft.Extensions.Caching.Memory 9.0.0 was resolved. [C:\Workspace\RGRTRASPORTE\RGRTRASPORTE.sln]
C:\Workspace\RGRTRASPORTE\RGRTRASPORTE\RGRTRASPORTE.csproj : warning NU1603: Infra.CrossCutting depends on Microsoft.Extensions.Caching.Memory (>= 8.0.11) but Microsoft.Extensions.Caching.Memory 8.0.11 was not found. An approximate best match of Microsoft.Extensions.Caching.Memory 9.0.0 was resolved. [C:\Workspace\RGRTRASPORTE\RGRTRASPORTE.sln]
C:\Workspace\RGRTRASPORTE\RGRTRASPORTE\RGRTRASPORTE.csproj : warning NU1603: RGRTRASPORTE depends on Serilog.AspNetCore (>= 8.0.11) but Serilog.AspNetCore 8.0.11 was not found. An approximate best match of Serilog.AspNetCore 9.0.0 was resolved. [C:\Workspace\RGRTRASPORTE\RGRTRASPORTE.sln]
C:\Workspace\RGRTRASPORTE\Teste\Teste.csproj : warning NU1603: Infra.CrossCutting depends on Microsoft.Extensions.Caching.Memory (>= 8.0.11) but Microsoft.Extensions.Caching.Memory 8.0.11 was not found. An approximate best match of Microsoft.Extensions.Caching.Memory 9.0.0 was resolved. [C:\Workspace\RGRTRASPORTE\RGRTRASPORTE.sln]
C:\Workspace\RGRTRASPORTE\Teste\Teste.csproj : warning NU1605: Detected package downgrade: Microsoft.Extensions.Hosting.Abstractions from 8.0.1 to 8.0.0. Reference the package directly from the project to select a different version.  [C:\Workspace\RGRTRASPORTE\RGRTRASPORTE.sln]
C:\Workspace\RGRTRASPORTE\Teste\Teste.csproj : warning NU1605:  Teste -> Infra.Ioc -> Microsoft.Extensions.Diagnostics.HealthChecks 8.0.11 -> Microsoft.Extensions.Hosting.Abstractions (>= 8.0.1)  [C:\Workspace\RGRTRASPORTE\RGRTRASPORTE.sln]
C:\Workspace\RGRTRASPORTE\Teste\Teste.csproj : warning NU1605:  Teste -> Infra.Ioc -> Microsoft.Extensions.Hosting.Abstractions (>= 8.0.0) [C:\Workspace\RGRTRASPORTE\RGRTRASPORTE.sln]
C:\Workspace\RGRTRASPORTE\Infra.Data\Infra.Data.csproj : warning NU1603: Infra.CrossCutting depends on Microsoft.Extensions.Caching.Memory (>= 8.0.11) but Microsoft.Extensions.Caching.Memory 8.0.11 was not found. An approximate best match of Microsoft.Extensions.Caching.Memory 9.0.0 was resolved. [C:\Workspace\RGRTRASPORTE\RGRTRASPORTE.sln]
C:\Workspace\RGRTRASPORTE\Infra.Data\Infra.Data.csproj : warning NU1605: Detected package downgrade: Microsoft.Extensions.DependencyInjection.Abstractions from 9.0.0 to 8.0.0. Reference the package directly from the project to select a different version.  [C:\Workspace\RGRTRASPORTE\RGRTRASPORTE.sln]
C:\Workspace\RGRTRASPORTE\Infra.Data\Infra.Data.csproj : warning NU1605:  Infra.Data -> Infra.CrossCutting -> Microsoft.Extensions.Caching.Memory 9.0.0 -> Microsoft.Extensions.DependencyInjection.Abstractions (>= 9.0.0)  [C:\Workspace\RGRTRASPORTE\RGRTRASPORTE.sln]
C:\Workspace\RGRTRASPORTE\Infra.Data\Infra.Data.csproj : warning NU1605:  Infra.Data -> Microsoft.Extensions.DependencyInjection.Abstractions (>= 8.0.0) [C:\Workspace\RGRTRASPORTE\RGRTRASPORTE.sln]
C:\Workspace\RGRTRASPORTE\Infra.Data\Infra.Data.csproj : warning NU1605: Detected package downgrade: Microsoft.Extensions.Logging.Abstractions from 9.0.0 to 8.0.0. Reference the package directly from the project to select a different version.  [C:\Workspace\RGRTRASPORTE\RGRTRASPORTE.sln]
C:\Workspace\RGRTRASPORTE\Infra.Data\Infra.Data.csproj : warning NU1605:  Infra.Data -> Infra.CrossCutting -> Microsoft.Extensions.Caching.Memory 9.0.0 -> Microsoft.Extensions.Logging.Abstractions (>= 9.0.0)  [C:\Workspace\RGRTRASPORTE\RGRTRASPORTE.sln]
C:\Workspace\RGRTRASPORTE\Infra.Data\Infra.Data.csproj : warning NU1605:  Infra.Data -> Infra.CrossCutting -> Microsoft.Extensions.Logging.Abstractions (>= 8.0.0) [C:\Workspace\RGRTRASPORTE\RGRTRASPORTE.sln]
C:\Workspace\RGRTRASPORTE\Service\Service.csproj : warning NU1603: Infra.CrossCutting depends on Microsoft.Extensions.Caching.Memory (>= 8.0.11) but Microsoft.Extensions.Caching.Memory 8.0.11 was not found. An approximate best match of Microsoft.Extensions.Caching.Memory 9.0.0 was resolved. [C:\Workspace\RGRTRASPORTE\RGRTRASPORTE.sln]
C:\Workspace\RGRTRASPORTE\Service\Service.csproj : warning NU1605: Detected package downgrade: Microsoft.Extensions.DependencyInjection.Abstractions from 9.0.0 to 8.0.0. Reference the package directly from the project to select a different version.  [C:\Workspace\RGRTRASPORTE\RGRTRASPORTE.sln]
C:\Workspace\RGRTRASPORTE\Service\Service.csproj : warning NU1605:  Service -> Infra.CrossCutting -> Microsoft.Extensions.Caching.Memory 9.0.0 -> Microsoft.Extensions.DependencyInjection.Abstractions (>= 9.0.0)  [C:\Workspace\RGRTRASPORTE\RGRTRASPORTE.sln]
C:\Workspace\RGRTRASPORTE\Service\Service.csproj : warning NU1605:  Service -> Infra.CrossCutting -> Microsoft.Extensions.DependencyInjection.Abstractions (>= 8.0.0) [C:\Workspace\RGRTRASPORTE\RGRTRASPORTE.sln]
C:\Workspace\RGRTRASPORTE\Service\Service.csproj : warning NU1605: Detected package downgrade: Microsoft.Extensions.Logging.Abstractions from 9.0.0 to 8.0.0. Reference the package directly from the project to select a different version.  [C:\Workspace\RGRTRASPORTE\RGRTRASPORTE.sln]
C:\Workspace\RGRTRASPORTE\Service\Service.csproj : warning NU1605:  Service -> Infra.CrossCutting -> Microsoft.Extensions.Caching.Memory 9.0.0 -> Microsoft.Extensions.Logging.Abstractions (>= 9.0.0)  [C:\Workspace\RGRTRASPORTE\RGRTRASPORTE.sln]
C:\Workspace\RGRTRASPORTE\Service\Service.csproj : warning NU1605:  Service -> Infra.CrossCutting -> Microsoft.Extensions.Logging.Abstractions (>= 8.0.0) [C:\Workspace\RGRTRASPORTE\RGRTRASPORTE.sln]
C:\Workspace\RGRTRASPORTE\Infra.CrossCutting\Infra.CrossCutting.csproj : warning NU1603: Infra.CrossCutting depends on Microsoft.Extensions.Caching.Memory (>= 8.0.11) but Microsoft.Extensions.Caching.Memory 8.0.11 was not found. An approximate best match of Microsoft.Extensions.Caching.Memory 9.0.0 was resolved. [C:\Workspace\RGRTRASPORTE\RGRTRASPORTE.sln]
C:\Workspace\RGRTRASPORTE\Infra.CrossCutting\Infra.CrossCutting.csproj : warning NU1605: Detected package downgrade: Microsoft.Extensions.DependencyInjection.Abstractions from 9.0.0 to 8.0.0. Reference the package directly from the project to select a different version.  [C:\Workspace\RGRTRASPORTE\RGRTRASPORTE.sln]
C:\Workspace\RGRTRASPORTE\Infra.CrossCutting\Infra.CrossCutting.csproj : warning NU1605:  Infra.CrossCutting -> Microsoft.Extensions.Caching.Memory 9.0.0 -> Microsoft.Extensions.DependencyInjection.Abstractions (>= 9.0.0)  [C:\Workspace\RGRTRASPORTE\RGRTRASPORTE.sln]
C:\Workspace\RGRTRASPORTE\Infra.CrossCutting\Infra.CrossCutting.csproj : warning NU1605:  Infra.CrossCutting -> Microsoft.Extensions.DependencyInjection.Abstractions (>= 8.0.0) [C:\Workspace\RGRTRASPORTE\RGRTRASPORTE.sln]
C:\Workspace\RGRTRASPORTE\Infra.CrossCutting\Infra.CrossCutting.csproj : warning NU1605: Detected package downgrade: Microsoft.Extensions.Logging.Abstractions from 9.0.0 to 8.0.0. Reference the package directly from the project to select a different version.  [C:\Workspace\RGRTRASPORTE\RGRTRASPORTE.sln]
C:\Workspace\RGRTRASPORTE\Infra.CrossCutting\Infra.CrossCutting.csproj : warning NU1605:  Infra.CrossCutting -> Microsoft.Extensions.Caching.Memory 9.0.0 -> Microsoft.Extensions.Logging.Abstractions (>= 9.0.0)  [C:\Workspace\RGRTRASPORTE\RGRTRASPORTE.sln]
C:\Workspace\RGRTRASPORTE\Infra.CrossCutting\Infra.CrossCutting.csproj : warning NU1605:  Infra.CrossCutting -> Microsoft.Extensions.Logging.Abstractions (>= 8.0.0) [C:\Workspace\RGRTRASPORTE\RGRTRASPORTE.sln]
C:\Workspace\RGRTRASPORTE\Hangfire.Worker\Hangfire.Worker.csproj : warning NU1603: Infra.CrossCutting depends on Microsoft.Extensions.Caching.Memory (>= 8.0.11) but Microsoft.Extensions.Caching.Memory 8.0.11 was not found. An approximate best match of Microsoft.Extensions.Caching.Memory 9.0.0 was resolved. [C:\Workspace\RGRTRASPORTE\RGRTRASPORTE.sln]
C:\Workspace\RGRTRASPORTE\Hangfire.Worker\Hangfire.Worker.csproj : warning NU1605: Detected package downgrade: Microsoft.Extensions.DependencyInjection.Abstractions from 9.0.0 to 8.0.0. Reference the package directly from the project to select a different version.  [C:\Workspace\RGRTRASPORTE\RGRTRASPORTE.sln]
C:\Workspace\RGRTRASPORTE\Hangfire.Worker\Hangfire.Worker.csproj : warning NU1605:  Hangfire.Worker -> Infra.Ioc -> Microsoft.Extensions.Logging.Abstractions 9.0.0 -> Microsoft.Extensions.DependencyInjection.Abstractions (>= 9.0.0)  [C:\Workspace\RGRTRASPORTE\RGRTRASPORTE.sln]
C:\Workspace\RGRTRASPORTE\Hangfire.Worker\Hangfire.Worker.csproj : warning NU1605:  Hangfire.Worker -> Infra.Ioc -> Microsoft.Extensions.DependencyInjection.Abstractions (>= 8.0.0) [C:\Workspace\RGRTRASPORTE\RGRTRASPORTE.sln]
C:\Workspace\RGRTRASPORTE\Hangfire.Worker\Hangfire.Worker.csproj : warning NU1605: Detected package downgrade: Microsoft.Extensions.Hosting.Abstractions from 8.0.1 to 8.0.0. Reference the package directly from the project to select a different version.  [C:\Workspace\RGRTRASPORTE\RGRTRASPORTE.sln]
C:\Workspace\RGRTRASPORTE\Hangfire.Worker\Hangfire.Worker.csproj : warning NU1605:  Hangfire.Worker -> Infra.Ioc -> Microsoft.Extensions.Diagnostics.HealthChecks 8.0.11 -> Microsoft.Extensions.Hosting.Abstractions (>= 8.0.1)  [C:\Workspace\RGRTRASPORTE\RGRTRASPORTE.sln]
C:\Workspace\RGRTRASPORTE\Hangfire.Worker\Hangfire.Worker.csproj : warning NU1605:  Hangfire.Worker -> Infra.Ioc -> Microsoft.Extensions.Hosting.Abstractions (>= 8.0.0) [C:\Workspace\RGRTRASPORTE\RGRTRASPORTE.sln]
C:\Workspace\RGRTRASPORTE\Hangfire.Worker\Hangfire.Worker.csproj : warning NU1605: Detected package downgrade: Microsoft.Extensions.DependencyInjection.Abstractions from 9.0.0 to 8.0.0. Reference the package directly from the project to select a different version.  [C:\Workspace\RGRTRASPORTE\RGRTRASPORTE.sln]
C:\Workspace\RGRTRASPORTE\Hangfire.Worker\Hangfire.Worker.csproj : warning NU1605:  Hangfire.Worker -> Infra.Ioc -> Application -> Microsoft.Extensions.DependencyInjection.Abstractions (>= 9.0.0)  [C:\Workspace\RGRTRASPORTE\RGRTRASPORTE.sln]
C:\Workspace\RGRTRASPORTE\Hangfire.Worker\Hangfire.Worker.csproj : warning NU1605:  Hangfire.Worker -> Infra.Ioc -> Microsoft.Extensions.DependencyInjection.Abstractions (>= 8.0.0) [C:\Workspace\RGRTRASPORTE\RGRTRASPORTE.sln]
C:\Workspace\RGRTRASPORTE\Hangfire.Worker\Hangfire.Worker.csproj : warning NU1605: Detected package downgrade: StackExchange.Redis from 2.8.58 to 2.8.16. Reference the package directly from the project to select a different version.  [C:\Workspace\RGRTRASPORTE\RGRTRASPORTE.sln]
C:\Workspace\RGRTRASPORTE\Hangfire.Worker\Hangfire.Worker.csproj : warning NU1605:  Hangfire.Worker -> Infra.Ioc -> Infra.CrossCutting -> StackExchange.Redis (>= 2.8.58)  [C:\Workspace\RGRTRASPORTE\RGRTRASPORTE.sln]
C:\Workspace\RGRTRASPORTE\Hangfire.Worker\Hangfire.Worker.csproj : warning NU1605:  Hangfire.Worker -> Infra.Ioc -> StackExchange.Redis (>= 2.8.16) [C:\Workspace\RGRTRASPORTE\RGRTRASPORTE.sln]
C:\Workspace\RGRTRASPORTE\Hangfire.Worker\Hangfire.Worker.csproj : warning NU1605: Detected package downgrade: Microsoft.Extensions.DependencyInjection.Abstractions from 9.0.0 to 8.0.0. Reference the package directly from the project to select a different version.  [C:\Workspace\RGRTRASPORTE\RGRTRASPORTE.sln]
C:\Workspace\RGRTRASPORTE\Hangfire.Worker\Hangfire.Worker.csproj : warning NU1605:  Hangfire.Worker -> Infra.Ioc -> Infra.CrossCutting -> Microsoft.Extensions.Caching.Memory 9.0.0 -> Microsoft.Extensions.DependencyInjection.Abstractions (>= 9.0.0)  [C:\Workspace\RGRTRASPORTE\RGRTRASPORTE.sln]
C:\Workspace\RGRTRASPORTE\Hangfire.Worker\Hangfire.Worker.csproj : warning NU1605:  Hangfire.Worker -> Infra.Ioc -> Microsoft.Extensions.DependencyInjection.Abstractions (>= 8.0.0) [C:\Workspace\RGRTRASPORTE\RGRTRASPORTE.sln]
C:\Workspace\RGRTRASPORTE\Infra.Data\Infra.Data.csproj : warning NU1603: Infra.CrossCutting depends on Microsoft.Extensions.Caching.Memory (>= 8.0.11) but Microsoft.Extensions.Caching.Memory 8.0.11 was not found. An approximate best match of Microsoft.Extensions.Caching.Memory 9.0.0 was resolved.
C:\Workspace\RGRTRASPORTE\Infra.Data\Infra.Data.csproj : warning NU1605: Detected package downgrade: Microsoft.Extensions.DependencyInjection.Abstractions from 9.0.0 to 8.0.0. Reference the package directly from the project to select a different version. 
C:\Workspace\RGRTRASPORTE\Infra.Data\Infra.Data.csproj : warning NU1605:  Infra.Data -> Infra.CrossCutting -> Microsoft.Extensions.Caching.Memory 9.0.0 -> Microsoft.Extensions.DependencyInjection.Abstractions (>= 9.0.0) 
C:\Workspace\RGRTRASPORTE\Infra.Data\Infra.Data.csproj : warning NU1605:  Infra.Data -> Microsoft.Extensions.DependencyInjection.Abstractions (>= 8.0.0)
C:\Workspace\RGRTRASPORTE\Infra.Data\Infra.Data.csproj : warning NU1605: Detected package downgrade: Microsoft.Extensions.Logging.Abstractions from 9.0.0 to 8.0.0. Reference the package directly from the project to select a different version. 
C:\Workspace\RGRTRASPORTE\Infra.Data\Infra.Data.csproj : warning NU1605:  Infra.Data -> Infra.CrossCutting -> Microsoft.Extensions.Caching.Memory 9.0.0 -> Microsoft.Extensions.Logging.Abstractions (>= 9.0.0) 
C:\Workspace\RGRTRASPORTE\Infra.Data\Infra.Data.csproj : warning NU1605:  Infra.Data -> Infra.CrossCutting -> Microsoft.Extensions.Logging.Abstractions (>= 8.0.0)
    29 Aviso(s)
    0 Erro(s)

Tempo Decorrido 00:00:03.39
